"./Code/SDY1_specification_ClippedLabel.c"
"./Code/SDY1_specification_ColorBase.c"
"./Code/SDY1_specification_Cursor.c"
"./Code/SDY1_specification_FrameShape.c"
"./Code/SDY1_specification_Gauge.c"
"./Code/SDY1_specification_GaugeHorizontal.c"
"./Code/SDY1_specification_GaugeVertical.c"
"./Code/SDY1_specification_Graduation_element.c"
"./Code/SDY1_specification_Highlight.c"
"./Code/SDY1_specification_IndividualFocus.c"
"./Code/SDY1_specification_InfiniteKnob.c"
"./Code/SDY1_specification_Init.c"
"./Code/SDY1_specification_KeyEvent.c"
"./Code/SDY1_specification_LED.c"
"./Code/SDY1_specification_N_StateLED.c"
"./Code/SDY1_specification_NumericDisplay.c"
"./Code/SDY1_specification_NumericEditBox.c"
"./Code/SDY1_specification_PushButton.c"
"./Code/SDY1_specification_Scale.c"
"./Code/SDY1_specification_Scale_element.c"
"./Code/SDY1_specification_Slider.c"
"./Code/SDY1_specification_SliderThumb.c"
"./Code/SDY1_specification_color_table.c"
"./Code/SDY1_specification_control_panel.c"
"./Code/SDY1_specification_font_table.c"
"./Code/SDY1_specification_font_table1.c"
"./Code/SDY1_specification_line_stipple_table.c"
"./Code/SDY1_specification_line_width_table.c"
"./Code/SDY1_specification_texture_table.c"
"./Code/interactivity_mapping.c"
"./Specific/cosimu_interface.c"
